19:26:20 **** Incremental Build of configuration Debug for project lab12_ADC ****
make -j4 all 
arm-none-eabi-gcc "../Core/Src/main.c" -mcpu=cortex-m4 -std=gnu11 -g3 -DUSE_HAL_DRIVER -DSTM32F401xC -DDEBUG -c -I../Drivers/CMSIS/Include -I../Drivers/STM32F4xx_HAL_Driver/Inc -I../Core/Inc -I../Drivers/CMSIS/Device/ST/STM32F4xx/Include -I../Drivers/STM32F4xx_HAL_Driver/Inc/Legacy -O0 -ffunction-sections -fdata-sections -Wall -fstack-usage -MMD -MP -MF"Core/Src/main.d" -MT"Core/Src/main.o" --specs=nano.specs -mfpu=fpv4-sp-d16 -mfloat-abi=hard -mthumb -o "Core/Src/main.o"
arm-none-eabi-gcc -o "lab12_ADC.elf" @"objects.list"   -mcpu=cortex-m4 -T"C:\Users\Phuwadech\STM32CubeIDE\workspace_1.3.0\lab12_ADC\STM32F401CCFX_FLASH.ld" --specs=nosys.specs -Wl,-Map="lab12_ADC.map" -Wl,--gc-sections -static --specs=nano.specs -mfpu=fpv4-sp-d16 -mfloat-abi=hard -mthumb -Wl,--start-group -lc -lm -Wl,--end-group
Finished building target: lab12_ADC.elf
 
arm-none-eabi-objdump -h -S  lab12_ADC.elf  > "lab12_ADC.list"
arm-none-eabi-objcopy  -O ihex  lab12_ADC.elf  "lab12_ADC.hex"
arm-none-eabi-objcopy  -O binary  lab12_ADC.elf  "lab12_ADC.bin"
arm-none-eabi-size   lab12_ADC.elf 
   text	   data	    bss	    dec	    hex	filename
  13132	    120	   1720	  14972	   3a7c	lab12_ADC.elf
Finished building: default.size.stdout
Finished building: lab12_ADC.hex
Finished building: lab12_ADC.bin
 
Finished building: lab12_ADC.list
 
 
 
