23:08:04 **** Incremental Build of configuration Debug for project lab07 ****
make -j4 all 
arm-none-eabi-gcc "../Core/Src/main.c" -mcpu=cortex-m4 -std=gnu11 -g3 -DUSE_HAL_DRIVER -DSTM32F401xC -DDEBUG -c -I../Drivers/CMSIS/Include -I../Drivers/STM32F4xx_HAL_Driver/Inc -I../Core/Inc -I../Drivers/CMSIS/Device/ST/STM32F4xx/Include -I../Drivers/STM32F4xx_HAL_Driver/Inc/Legacy -O0 -ffunction-sections -fdata-sections -Wall -fstack-usage -MMD -MP -MF"Core/Src/main.d" -MT"Core/Src/main.o" --specs=nano.specs -mfpu=fpv4-sp-d16 -mfloat-abi=hard -mthumb -o "Core/Src/main.o"
arm-none-eabi-gcc -o "lab07.elf" @"objects.list"   -mcpu=cortex-m4 -T"C:\Users\Phuwadech\STM32CubeIDE\workspace_1.3.0\lab07\STM32F401CCFX_FLASH.ld" --specs=nosys.specs -Wl,-Map="lab07.map" -Wl,--gc-sections -static --specs=nano.specs -mfpu=fpv4-sp-d16 -mfloat-abi=hard -mthumb -Wl,--start-group -lc -lm -Wl,--end-group
Finished building target: lab07.elf
 
arm-none-eabi-objdump -h -S  lab07.elf  > "lab07.list"
arm-none-eabi-objcopy  -O ihex  lab07.elf  "lab07.hex"
arm-none-eabi-objcopy  -O binary  lab07.elf  "lab07.bin"
arm-none-eabi-objcopy  -O srec  lab07.elf  "lab07.srec"
Finished building: lab07.hex
Finished building: lab07.bin
Finished building: lab07.srec
 
arm-none-eabi-size   lab07.elf 
Finished building: lab07.list
   text	   data	    bss	    dec	    hex	filename
   8848	     20	   1636	  10504	   2908	lab07.elf
 
 
 
Finished building: default.size.stdout
 

23:08:06 Build Finished. 0 errors, 0 warnings. (took 2s.74ms)

