13:32:53 **** Incremental Build of configuration Debug for project lab14_Motor_servo_with_PWM ****
make -j4 all 
arm-none-eabi-gcc "../Core/Src/main.c" -mcpu=cortex-m4 -std=gnu11 -g3 -DUSE_HAL_DRIVER -DSTM32F401xC -DDEBUG -c -I../Drivers/CMSIS/Include -I../Drivers/STM32F4xx_HAL_Driver/Inc -I../Core/Inc -I../Drivers/CMSIS/Device/ST/STM32F4xx/Include -I../Drivers/STM32F4xx_HAL_Driver/Inc/Legacy -O0 -ffunction-sections -fdata-sections -Wall -fstack-usage -MMD -MP -MF"Core/Src/main.d" -MT"Core/Src/main.o" --specs=nano.specs -mfpu=fpv4-sp-d16 -mfloat-abi=hard -mthumb -o "Core/Src/main.o"
arm-none-eabi-gcc "../Core/Src/system_stm32f4xx.c" -mcpu=cortex-m4 -std=gnu11 -g3 -DUSE_HAL_DRIVER -DSTM32F401xC -DDEBUG -c -I../Drivers/CMSIS/Include -I../Drivers/STM32F4xx_HAL_Driver/Inc -I../Core/Inc -I../Drivers/CMSIS/Device/ST/STM32F4xx/Include -I../Drivers/STM32F4xx_HAL_Driver/Inc/Legacy -O0 -ffunction-sections -fdata-sections -Wall -fstack-usage -MMD -MP -MF"Core/Src/system_stm32f4xx.d" -MT"Core/Src/system_stm32f4xx.o" --specs=nano.specs -mfpu=fpv4-sp-d16 -mfloat-abi=hard -mthumb -o "Core/Src/system_stm32f4xx.o"
arm-none-eabi-gcc -o "lab14_Motor_servo_with_PWM.elf" @"objects.list"   -mcpu=cortex-m4 -T"C:\Users\Phuwadech\STM32CubeIDE\workspace_1.3.0\lab14_Motor_servo_with_PWM\STM32F401CCFX_FLASH.ld" --specs=nosys.specs -Wl,-Map="lab14_Motor_servo_with_PWM.map" -Wl,--gc-sections -static --specs=nano.specs -mfpu=fpv4-sp-d16 -mfloat-abi=hard -mthumb -Wl,--start-group -lc -lm -Wl,--end-group
Finished building target: lab14_Motor_servo_with_PWM.elf
 
arm-none-eabi-size   lab14_Motor_servo_with_PWM.elf 
arm-none-eabi-objdump -h -S  lab14_Motor_servo_with_PWM.elf  > "lab14_Motor_servo_with_PWM.list"
arm-none-eabi-objcopy  -O ihex  lab14_Motor_servo_with_PWM.elf  "lab14_Motor_servo_with_PWM.hex"
   text	   data	    bss	    dec	    hex	filename
   8816	     20	   1636	  10472	   28e8	lab14_Motor_servo_with_PWM.elf
arm-none-eabi-objcopy  -O binary  lab14_Motor_servo_with_PWM.elf  "lab14_Motor_servo_with_PWM.bin"
Finished building: default.size.stdout
 
Finished building: lab14_Motor_servo_with_PWM.hex
Finished building: lab14_Motor_servo_with_PWM.bin
 
 
Finished building: lab14_Motor_servo_with_PWM.list
 

13:32:56 Build Finished. 0 errors, 0 warnings. (took 3s.110ms)

